// Jest Snapshot v1, https://goo.gl/fbAQLP

exports[`renders correctly 1`] = `
<nav
  className="flex items-center justify-center  bg-sky-400 h-16"
>
  <div
    className="flex items-center justify-center gap-40"
  >
    <div
      className="flex items-center space-x-5"
    >
      <a
        href="/home"
        onClick={[Function]}
        onMouseEnter={[Function]}
        onTouchStart={[Function]}
      >
        <img
          alt="Logo"
          className="mt-4"
          src="/Logo.svg"
        />
      </a>
      <div
        className="grid md:flex mx-auto justify-items-start text-slate-100 hover:text-gray-500 text-xl font-bold md:text-2x"
      >
        <a
          href="/home"
          onClick={[Function]}
          onMouseEnter={[Function]}
          onTouchStart={[Function]}
        >
          <img
            alt="LogoFood"
            className="h-11"
            src="/LogoFood.svg"
          />
        </a>
      </div>
    </div>
    <div
      className="hidden md:flex px-4 mx-auto font-semibold font-heading space-x-0"
    >
      <a
        href="/home"
        onClick={[Function]}
        onMouseEnter={[Function]}
        onTouchStart={[Function]}
      >
        <p
          className="text-slate-100 bg-sky-400 py-5 px-5 hover:bg-sky-300"
        >
          navbar.home
        </p>
      </a>
      <a
        href="/coupons"
        onClick={[Function]}
        onMouseEnter={[Function]}
        onTouchStart={[Function]}
      >
        <p
          className="text-slate-100 bg-sky-400 py-5 px-5 hover:bg-sky-300"
        >
          navbar.coupons
        </p>
      </a>
      <a
        href="/blog"
        onClick={[Function]}
        onMouseEnter={[Function]}
        onTouchStart={[Function]}
      >
        <p
          className="text-slate-100 bg-sky-400 py-5 px-5 hover:bg-sky-300"
        >
          navbar.blog
        </p>
      </a>
    </div>
    <div
      className="flex items-center space-x-5"
    >
      <a
        href="Loggin"
        onClick={[Function]}
        onMouseEnter={[Function]}
        onTouchStart={[Function]}
      >
        <img
          alt="admin"
          src="/admin.svg"
        />
      </a>
      <a
        href="/cart"
        onClick={[Function]}
        onMouseEnter={[Function]}
        onTouchStart={[Function]}
      >
        <img
          alt="cart"
          src="/cart.svg"
        />
      </a>
      <div>
        <button
          className="w-10 h-10 font-semibold bg-white rounded-full"
          onClick={[Function]}
        >
          AR
        </button>
      </div>
    </div>
  </div>
</nav>
`;
