// Jest Snapshot v1, https://goo.gl/fbAQLP

exports[`Banner Component should render correctly 1`] = `
<section>
  <div
    className="bg-cover bg-center h-[30vh] sm:h-[50vh] md:h-[70vh] text-white  object-fill"
    style={
      Object {
        "backgroundImage": "url(undefined)",
      }
    }
  >
    <div
      className="bg-opacity-50 bg-black h-full items-center flex justify-center flex-col"
    >
      <div
        className="text-center"
      >
        <h1
          className="text-xl sm:text-3xl md:text-5xl font-bold text-[#20DC49]"
        >
          <span
            className="text-white"
          />
          <br />
        </h1>
        <p
          className="mt-6 sm:mt-8 md:mt-10 text-center text-[9px] sm:text-xs md:text-xl "
        />
      </div>
      <div
        className="mt-6 sm:mt-8 md:mt-10"
      >
        <a
          href="/coupons"
          onClick={[Function]}
          onMouseEnter={[Function]}
          onTouchStart={[Function]}
        >
          <button
            className="bg-[#20DC49] rounded-full p-2 px-6 text-[9px] sm:text-base sm:px-6 text-start cursor-pointer font-medium hover:bg-green-600"
          />
        </a>
      </div>
    </div>
  </div>
</section>
`;
