// Jest Snapshot v1, https://goo.gl/fbAQLP

exports[`Blog Component should render correctly 1`] = `
<div
  className="container mx-auto p-5 sm:px-10  lg:px-32 lg:pt-24"
>
  <div>
    <a
      href="/blog"
      onClick={[Function]}
      onMouseEnter={[Function]}
      onTouchStart={[Function]}
    >
      <h1
        className="text-5xl font-bold text-[#212B36] flex items-center justify-center mb-20"
      >
        blog
      </h1>
    </a>
  </div>
  <div
    className="-m-1 flex flex-wrap md:-m-2 "
  >
    <div
      className="flex w-full md:w-1/2 flex-wrap"
    >
      <div
        className="w-1/2 p-1 md:p-2"
      >
        <button
          className="bg-green-300 ml-5 text-green-600 text-xs font-bold py-1 px-1 rounded"
        >
          event
        </button>
      </div>
      <div
        className=""
      >
        <h1
          className="text-xl font-bold mb-2 ml-10 text-gray-700"
        >
          you
        </h1>
        <p
          className="text-gray-700 ml-10 font-semibold"
        >
          donationsText
        </p>
      </div>
      <div
        className="w-full p-1 md:p-2 relative"
      >
        <img
          alt="blog1"
          className="h-full w-full object-cover object-center duration-300 cursor-pointer filter hover:grayscale"
          src="/Blog1.png"
        />
        <h1
          className="absolute bottom-6 left-0  text-2xl text-white font-semibold px-4 mb-7"
        >
          <span>
            donationInfo
          </span>
        </h1>
        <a
          href="/blog"
          onClick={[Function]}
          onMouseEnter={[Function]}
          onTouchStart={[Function]}
        >
          <h1
            className="absolute bottom-6 left-0   text-lg text-green-500 font-bold px-4"
          >
            <span>
              know
               ➔
            </span>
          </h1>
        </a>
      </div>
    </div>
    <div
      className="flex w-full md:w-1/2 flex-wrap"
    >
      <div
        className="w-full md:w-1/2 p-1 relative"
      >
        <img
          alt="blog2"
          className="block h-full w-full object-cover object-center duration-300 cursor-pointer filter hover:grayscale"
          src="/Blog2.png"
        />
        <h1
          className="absolute bottom-6 left-0  text-xl text-white font-semibold px-4 mb-7"
        >
          <span>
            veteransInfo
          </span>
        </h1>
        <a
          href="/blog"
          onClick={[Function]}
          onMouseEnter={[Function]}
          onTouchStart={[Function]}
        >
          <h1
            className="absolute bottom-6 left-0  text-lg text-green-500 font-bold px-4"
          >
            <span>
              know
               ➔
            </span>
          </h1>
        </a>
      </div>
      <div
        className="w-full md:w-1/2 p-1 relative"
      >
        <img
          alt="gallery"
          className="block h-full w-full object-cover object-center duration-300 cursor-pointer filter  hover:grayscale"
          src="/Blog4.png"
        />
        <h1
          className="absolute bottom-6 left-0  text-2xl text-white font-semibold px-4 mb-7"
        >
          <span>
            foodWasteInfo
          </span>
        </h1>
        <a
          href="/blog"
          onClick={[Function]}
          onMouseEnter={[Function]}
          onTouchStart={[Function]}
        >
          <h1
            className="absolute bottom-6 left-0  text-lg text-green-500 font-bold px-4"
          >
            <span>
              know
               ➔
            </span>
          </h1>
        </a>
      </div>
      <div
        className="w-full md:w-1/2 p-1 relative"
      >
        <img
          alt="gallery"
          className="block h-full w-full object-cover object-center duration-300 cursor-pointer filter  hover:grayscale"
          src="/Blog3.png"
        />
        <h1
          className="absolute bottom-6 left-0  text-xl text-white font-semibold px-4 mb-7"
        >
          <span>
            globalEffortInfo
          </span>
        </h1>
        <a
          href="/blog"
          onClick={[Function]}
          onMouseEnter={[Function]}
          onTouchStart={[Function]}
        >
          <h1
            className="absolute bottom-6 left-0  text-lg text-green-500 font-bold px-4"
          >
            <span>
              know
               ➔
            </span>
          </h1>
        </a>
      </div>
      <div
        className="w-full md:w-1/2 p-1 relative"
      >
        <img
          alt="gallery"
          className="block h-full w-full object-cover object-center duration-300 cursor-pointer filter  hover:grayscale"
          src="/Blog5.png"
        />
        <h1
          className="absolute bottom-6 left-0  text-2xl text-white font-semibold px-4 mb-7"
        >
          <span>
            foodInsecurityInfo
          </span>
        </h1>
        <a
          href="/blog"
          onClick={[Function]}
          onMouseEnter={[Function]}
          onTouchStart={[Function]}
        >
          <h1
            className="absolute bottom-6 left-0  text-lg text-green-500 font-bold px-4 "
          >
            <span>
              know
               ➔
            </span>
          </h1>
        </a>
      </div>
    </div>
    <div
      className="m-10"
    />
  </div>
</div>
`;
